#-----------------------------------------------------------
# Vivado v2018.3 (64-bit)
# SW Build 2405991 on Thu Dec  6 23:38:27 MST 2018
# IP Build 2404404 on Fri Dec  7 01:43:56 MST 2018
# Start of session at: Sat Jul 27 20:55:17 2019
# Process ID: 26000
# Current directory: D:/OneDrive - HKUST Connect/Lab/PAM4-RGB-FPGA/control_test/prj/control_test
# Command line: vivado.exe -gui_launcher_event rodinguilauncherevent25328 D:\OneDrive - HKUST Connect\Lab\PAM4-RGB-FPGA\control_test\prj\control_test\control_test.xpr
# Log file: D:/OneDrive - HKUST Connect/Lab/PAM4-RGB-FPGA/control_test/prj/control_test/vivado.log
# Journal file: D:/OneDrive - HKUST Connect/Lab/PAM4-RGB-FPGA/control_test/prj/control_test\vivado.jou
#-----------------------------------------------------------
start_gui
open_project {D:/OneDrive - HKUST Connect/Lab/PAM4-RGB-FPGA/control_test/prj/control_test/control_test.xpr}
update_compile_order -fileset sources_1open_hw
connect_hw_server
open_hw_target
set_property PROGRAM.FILE {D:/OneDrive - HKUST Connect/Lab/PAM4-RGB-FPGA/control_test/prj/control_test/control_test.runs/impl_1/control_top.bit} [get_hw_devices xc7a200t_0]
current_hw_device [get_hw_devices xc7a200t_0]
refresh_hw_device -update_hw_probes false [lindex [get_hw_devices xc7a200t_0] 0]
create_hw_cfgmem -hw_device [lindex [get_hw_devices xc7a200t_0] 0] [lindex [get_cfgmem_parts {mt25ql256-spi-x1_x2_x4}] 0]
set_property PROGRAM.BLANK_CHECK  0 [ get_property PROGRAM.HW_CFGMEM [lindex [get_hw_devices xc7a200t_0] 0]]
set_property PROGRAM.ERASE  1 [ get_property PROGRAM.HW_CFGMEM [lindex [get_hw_devices xc7a200t_0] 0]]
set_property PROGRAM.CFG_PROGRAM  1 [ get_property PROGRAM.HW_CFGMEM [lindex [get_hw_devices xc7a200t_0] 0]]
set_property PROGRAM.VERIFY  1 [ get_property PROGRAM.HW_CFGMEM [lindex [get_hw_devices xc7a200t_0] 0]]
set_property PROGRAM.CHECKSUM  0 [ get_property PROGRAM.HW_CFGMEM [lindex [get_hw_devices xc7a200t_0] 0]]
refresh_hw_device [lindex [get_hw_devices xc7a200t_0] 0]
close_hw
set_property STEPS.WRITE_BITSTREAM.ARGS.BIN_FILE true [get_runs impl_1]
reset_run synth_1
launch_runs impl_1 -to_step write_bitstream -jobs 16
wait_on_run impl_1
